// Jest Snapshot v1, https://goo.gl/fbAQLP

exports[`parseArgs if throws "parser is required" with context, expect message to match snapshot 1`] = `"context <foo> : argument is required"`;

exports[`parseArgs if throws "parser is required", expect message to match snapshot 1`] = `"<foo> : argument is required"`;

exports[`parseArgs throws if parse does with a context/placeholder enhanced message 1`] = `"thrown intentionally"`;
